// Jest Snapshot v1, https://goo.gl/fbAQLP

exports[`ListProofRequests Component Renders correctly 1`] = `
<RNCSafeAreaView
  edges={
    Array [
      "left",
      "right",
    ]
  }
  style={
    Object {
      "elevation": 5,
      "flexGrow": 1,
      "margin": 24,
    }
  }
>
  <RCTScrollView
    ListEmptyComponent={[Function]}
    data={
      Array [
        Object {
          "description": "Verify the full name of a person",
          "id": "BC:5:FullName:0.0.1:indy",
          "name": "Full name",
          "payload": Object {
            "data": Array [
              Object {
                "requestedAttributes": Array [
                  Object {
                    "name": "given_names",
                    "restrictions": Array [
                      Object {
                        "schema_id": "XUxBrVSALWHLeycAUhrNr9:2:Person:1.0",
                      },
                    ],
                  },
                  Object {
                    "name": "family_name",
                    "restrictions": Array [
                      Object {
                        "schema_id": "XUxBrVSALWHLeycAUhrNr9:2:Person:1.0",
                      },
                    ],
                  },
                ],
                "schema": "XUxBrVSALWHLeycAUhrNr9:2:Person:1.0",
              },
            ],
            "type": "indy",
          },
          "version": "0.0.1",
        },
        Object {
          "description": "Verify if a person is 19 years end up and full name.",
          "id": "BC:5:19+AndFullName:0.0.1:indy",
          "name": "19+ and Full name",
          "payload": Object {
            "data": Array [
              Object {
                "requestedAttributes": Array [
                  Object {
                    "names": Array [
                      "given_names",
                      "family_name",
                    ],
                    "restrictions": Array [
                      Object {
                        "schema_id": "XUxBrVSALWHLeycAUhrNr9:2:Person:1.0",
                      },
                    ],
                  },
                ],
                "requestedPredicates": Array [
                  Object {
                    "name": "birthdate_dateint",
                    "predicateType": ">=",
                    "predicateValue": 18,
                    "restrictions": Array [
                      Object {
                        "schema_id": "XUxBrVSALWHLeycAUhrNr9:2:Person:1.0",
                      },
                    ],
                  },
                ],
                "schema": "XUxBrVSALWHLeycAUhrNr9:2:Person:1.0",
              },
            ],
            "type": "indy",
          },
          "version": "0.0.1",
        },
        Object {
          "description": "Verify if a person is 19 years end up.",
          "id": "BC:5:Over19YearsOfAge:0.0.1:indy",
          "name": "Over 19 years of age",
          "payload": Object {
            "data": Array [
              Object {
                "requestedPredicates": Array [
                  Object {
                    "name": "birthdate_dateint",
                    "predicateType": ">=",
                    "predicateValue": 18,
                    "restrictions": Array [
                      Object {
                        "schema_id": "XUxBrVSALWHLeycAUhrNr9:2:Person:1.0",
                      },
                    ],
                  },
                ],
                "schema": "XUxBrVSALWHLeycAUhrNr9:2:Person:1.0",
              },
            ],
            "type": "indy",
          },
          "version": "0.0.1",
        },
        Object {
          "description": "Verify if a person\`is a practicing lawyer.",
          "id": "BC:5:PractisingLawyer:0.0.1:indy",
          "name": "Practising lawyer",
          "payload": Object {
            "data": Array [
              Object {
                "requestedAttributes": Array [
                  Object {
                    "names": Array [
                      "Given Name",
                      "Surname",
                      "PPID",
                      "Member Status",
                    ],
                    "restrictions": Array [
                      Object {
                        "schema_id": "XUxBrVSALWHLeycAUhrNr9:2:Member Card:1.5.1",
                      },
                    ],
                  },
                ],
                "schema": "XUxBrVSALWHLeycAUhrNr9:2:Member Card:1.5.1",
              },
            ],
            "type": "indy",
          },
          "version": "0.0.1",
        },
        Object {
          "description": "Verify if a person\`is a practicing lawyer using two different credentials for extra assurance",
          "id": "BC:5:PractisingLawyerAndFullName:0.0.1:indy",
          "name": "Practising lawyer and full name",
          "payload": Object {
            "data": Array [
              Object {
                "requestedAttributes": Array [
                  Object {
                    "names": Array [
                      "given_names",
                      "family_name",
                    ],
                    "restrictions": Array [
                      Object {
                        "schema_id": "XUxBrVSALWHLeycAUhrNr9:2:Person:1.0",
                      },
                    ],
                  },
                ],
                "schema": "XUxBrVSALWHLeycAUhrNr9:2:Person:1.0",
              },
              Object {
                "requestedAttributes": Array [
                  Object {
                    "names": Array [
                      "Given Name",
                      "Surname",
                      "PPID",
                      "Member Status",
                    ],
                    "restrictions": Array [
                      Object {
                        "schema_id": "XUxBrVSALWHLeycAUhrNr9:2:Member Card:1.5.1",
                      },
                    ],
                  },
                ],
                "schema": "XUxBrVSALWHLeycAUhrNr9:2:Member Card:1.5.1",
              },
            ],
            "type": "indy",
          },
          "version": "0.0.1",
        },
        Object {
          "description": "Verify if a person is over some years ends up.",
          "id": "BC:5:OverSomeYearsOfAge:0.0.1:indy",
          "name": "Over some years of age",
          "payload": Object {
            "data": Array [
              Object {
                "requestedPredicates": Array [
                  Object {
                    "name": "birthdate_dateint",
                    "parameterizable": true,
                    "predicateType": ">=",
                    "predicateValue": 18,
                    "restrictions": Array [
                      Object {
                        "schema_id": "XUxBrVSALWHLeycAUhrNr9:2:Person:1.0",
                      },
                    ],
                  },
                ],
                "schema": "XUxBrVSALWHLeycAUhrNr9:2:Person:1.0",
              },
            ],
            "type": "indy",
          },
          "version": "0.0.1",
        },
      ]
    }
    getItem={[Function]}
    getItemCount={[Function]}
    keyExtractor={[Function]}
    onContentSizeChange={[Function]}
    onLayout={[Function]}
    onMomentumScrollBegin={[Function]}
    onMomentumScrollEnd={[Function]}
    onScroll={[Function]}
    onScrollBeginDrag={[Function]}
    onScrollEndDrag={[Function]}
    removeClippedSubviews={false}
    renderItem={[Function]}
    scrollEventThrottle={50}
    stickyHeaderIndices={Array []}
    style={
      Object {
        "backgroundColor": "#000000",
      }
    }
    viewabilityConfigCallbackPairs={Array []}
  >
    <View>
      <View
        onLayout={[Function]}
        style={null}
      >
        <View
          accessible={true}
          collapsable={false}
          focusable={true}
          nativeID="animatedComponent"
          onClick={[Function]}
          onResponderGrant={[Function]}
          onResponderMove={[Function]}
          onResponderRelease={[Function]}
          onResponderTerminate={[Function]}
          onResponderTerminationRequest={[Function]}
          onStartShouldSetResponder={[Function]}
          style={
            Object {
              "backgroundColor": "#FFFFFF",
              "borderRadius": 8,
              "flexDirection": "row",
              "marginBottom": 10,
              "opacity": 1,
              "padding": 12,
            }
          }
          testID="com.ariesbifold:id/ProofRequestsCard"
        >
          <View
            style={
              Object {
                "flex": 1,
              }
            }
          >
            <Text
              numberOfLines={1}
              style={
                Object {
                  "color": "#000000",
                  "fontSize": 16,
                  "fontWeight": "bold",
                  "marginBottom": 4,
                }
              }
            >
              Full name
            </Text>
            <Text
              numberOfLines={2}
              style={
                Object {
                  "color": "#000000",
                  "fontSize": 16,
                  "fontWeight": "normal",
                  "marginBottom": 4,
                }
              }
            >
              Verify the full name of a person
            </Text>
          </View>
          <View
            style={
              Object {
                "alignSelf": "center",
              }
            }
          >
            <Text
              allowFontScaling={false}
              style={
                Array [
                  Object {
                    "color": undefined,
                    "fontSize": 12,
                  },
                  Object {
                    "color": "#000000",
                    "fontSize": 36,
                  },
                  Object {
                    "fontFamily": "Material Icons",
                    "fontStyle": "normal",
                    "fontWeight": "normal",
                  },
                  Object {},
                ]
              }
            >
              
            </Text>
          </View>
        </View>
      </View>
      <View
        onLayout={[Function]}
        style={null}
      >
        <View
          accessible={true}
          collapsable={false}
          focusable={true}
          nativeID="animatedComponent"
          onClick={[Function]}
          onResponderGrant={[Function]}
          onResponderMove={[Function]}
          onResponderRelease={[Function]}
          onResponderTerminate={[Function]}
          onResponderTerminationRequest={[Function]}
          onStartShouldSetResponder={[Function]}
          style={
            Object {
              "backgroundColor": "#FFFFFF",
              "borderRadius": 8,
              "flexDirection": "row",
              "marginBottom": 10,
              "opacity": 1,
              "padding": 12,
            }
          }
          testID="com.ariesbifold:id/ProofRequestsCard"
        >
          <View
            style={
              Object {
                "flex": 1,
              }
            }
          >
            <Text
              numberOfLines={1}
              style={
                Object {
                  "color": "#000000",
                  "fontSize": 16,
                  "fontWeight": "bold",
                  "marginBottom": 4,
                }
              }
            >
              19+ and Full name
            </Text>
            <Text
              numberOfLines={2}
              style={
                Object {
                  "color": "#000000",
                  "fontSize": 16,
                  "fontWeight": "normal",
                  "marginBottom": 4,
                }
              }
            >
              Verify if a person is 19 years end up and full name.
            </Text>
            <Text
              style={
                Object {
                  "color": "#606060",
                  "fontSize": 12,
                }
              }
            >
              Verifier.ZeroKnowledgeProof
            </Text>
          </View>
          <View
            style={
              Object {
                "alignSelf": "center",
              }
            }
          >
            <Text
              allowFontScaling={false}
              style={
                Array [
                  Object {
                    "color": undefined,
                    "fontSize": 12,
                  },
                  Object {
                    "color": "#000000",
                    "fontSize": 36,
                  },
                  Object {
                    "fontFamily": "Material Icons",
                    "fontStyle": "normal",
                    "fontWeight": "normal",
                  },
                  Object {},
                ]
              }
            >
              
            </Text>
          </View>
        </View>
      </View>
      <View
        onLayout={[Function]}
        style={null}
      >
        <View
          accessible={true}
          collapsable={false}
          focusable={true}
          nativeID="animatedComponent"
          onClick={[Function]}
          onResponderGrant={[Function]}
          onResponderMove={[Function]}
          onResponderRelease={[Function]}
          onResponderTerminate={[Function]}
          onResponderTerminationRequest={[Function]}
          onStartShouldSetResponder={[Function]}
          style={
            Object {
              "backgroundColor": "#FFFFFF",
              "borderRadius": 8,
              "flexDirection": "row",
              "marginBottom": 10,
              "opacity": 1,
              "padding": 12,
            }
          }
          testID="com.ariesbifold:id/ProofRequestsCard"
        >
          <View
            style={
              Object {
                "flex": 1,
              }
            }
          >
            <Text
              numberOfLines={1}
              style={
                Object {
                  "color": "#000000",
                  "fontSize": 16,
                  "fontWeight": "bold",
                  "marginBottom": 4,
                }
              }
            >
              Over 19 years of age
            </Text>
            <Text
              numberOfLines={2}
              style={
                Object {
                  "color": "#000000",
                  "fontSize": 16,
                  "fontWeight": "normal",
                  "marginBottom": 4,
                }
              }
            >
              Verify if a person is 19 years end up.
            </Text>
            <Text
              style={
                Object {
                  "color": "#606060",
                  "fontSize": 12,
                }
              }
            >
              Verifier.ZeroKnowledgeProof
            </Text>
          </View>
          <View
            style={
              Object {
                "alignSelf": "center",
              }
            }
          >
            <Text
              allowFontScaling={false}
              style={
                Array [
                  Object {
                    "color": undefined,
                    "fontSize": 12,
                  },
                  Object {
                    "color": "#000000",
                    "fontSize": 36,
                  },
                  Object {
                    "fontFamily": "Material Icons",
                    "fontStyle": "normal",
                    "fontWeight": "normal",
                  },
                  Object {},
                ]
              }
            >
              
            </Text>
          </View>
        </View>
      </View>
      <View
        onLayout={[Function]}
        style={null}
      >
        <View
          accessible={true}
          collapsable={false}
          focusable={true}
          nativeID="animatedComponent"
          onClick={[Function]}
          onResponderGrant={[Function]}
          onResponderMove={[Function]}
          onResponderRelease={[Function]}
          onResponderTerminate={[Function]}
          onResponderTerminationRequest={[Function]}
          onStartShouldSetResponder={[Function]}
          style={
            Object {
              "backgroundColor": "#FFFFFF",
              "borderRadius": 8,
              "flexDirection": "row",
              "marginBottom": 10,
              "opacity": 1,
              "padding": 12,
            }
          }
          testID="com.ariesbifold:id/ProofRequestsCard"
        >
          <View
            style={
              Object {
                "flex": 1,
              }
            }
          >
            <Text
              numberOfLines={1}
              style={
                Object {
                  "color": "#000000",
                  "fontSize": 16,
                  "fontWeight": "bold",
                  "marginBottom": 4,
                }
              }
            >
              Practising lawyer
            </Text>
            <Text
              numberOfLines={2}
              style={
                Object {
                  "color": "#000000",
                  "fontSize": 16,
                  "fontWeight": "normal",
                  "marginBottom": 4,
                }
              }
            >
              Verify if a person\`is a practicing lawyer.
            </Text>
          </View>
          <View
            style={
              Object {
                "alignSelf": "center",
              }
            }
          >
            <Text
              allowFontScaling={false}
              style={
                Array [
                  Object {
                    "color": undefined,
                    "fontSize": 12,
                  },
                  Object {
                    "color": "#000000",
                    "fontSize": 36,
                  },
                  Object {
                    "fontFamily": "Material Icons",
                    "fontStyle": "normal",
                    "fontWeight": "normal",
                  },
                  Object {},
                ]
              }
            >
              
            </Text>
          </View>
        </View>
      </View>
      <View
        onLayout={[Function]}
        style={null}
      >
        <View
          accessible={true}
          collapsable={false}
          focusable={true}
          nativeID="animatedComponent"
          onClick={[Function]}
          onResponderGrant={[Function]}
          onResponderMove={[Function]}
          onResponderRelease={[Function]}
          onResponderTerminate={[Function]}
          onResponderTerminationRequest={[Function]}
          onStartShouldSetResponder={[Function]}
          style={
            Object {
              "backgroundColor": "#FFFFFF",
              "borderRadius": 8,
              "flexDirection": "row",
              "marginBottom": 10,
              "opacity": 1,
              "padding": 12,
            }
          }
          testID="com.ariesbifold:id/ProofRequestsCard"
        >
          <View
            style={
              Object {
                "flex": 1,
              }
            }
          >
            <Text
              numberOfLines={1}
              style={
                Object {
                  "color": "#000000",
                  "fontSize": 16,
                  "fontWeight": "bold",
                  "marginBottom": 4,
                }
              }
            >
              Practising lawyer and full name
            </Text>
            <Text
              numberOfLines={2}
              style={
                Object {
                  "color": "#000000",
                  "fontSize": 16,
                  "fontWeight": "normal",
                  "marginBottom": 4,
                }
              }
            >
              Verify if a person\`is a practicing lawyer using two different credentials for extra assurance
            </Text>
          </View>
          <View
            style={
              Object {
                "alignSelf": "center",
              }
            }
          >
            <Text
              allowFontScaling={false}
              style={
                Array [
                  Object {
                    "color": undefined,
                    "fontSize": 12,
                  },
                  Object {
                    "color": "#000000",
                    "fontSize": 36,
                  },
                  Object {
                    "fontFamily": "Material Icons",
                    "fontStyle": "normal",
                    "fontWeight": "normal",
                  },
                  Object {},
                ]
              }
            >
              
            </Text>
          </View>
        </View>
      </View>
      <View
        onLayout={[Function]}
        style={null}
      >
        <View
          accessible={true}
          collapsable={false}
          focusable={true}
          nativeID="animatedComponent"
          onClick={[Function]}
          onResponderGrant={[Function]}
          onResponderMove={[Function]}
          onResponderRelease={[Function]}
          onResponderTerminate={[Function]}
          onResponderTerminationRequest={[Function]}
          onStartShouldSetResponder={[Function]}
          style={
            Object {
              "backgroundColor": "#FFFFFF",
              "borderRadius": 8,
              "flexDirection": "row",
              "marginBottom": 10,
              "opacity": 1,
              "padding": 12,
            }
          }
          testID="com.ariesbifold:id/ProofRequestsCard"
        >
          <View
            style={
              Object {
                "flex": 1,
              }
            }
          >
            <Text
              numberOfLines={1}
              style={
                Object {
                  "color": "#000000",
                  "fontSize": 16,
                  "fontWeight": "bold",
                  "marginBottom": 4,
                }
              }
            >
              Over some years of age
            </Text>
            <Text
              numberOfLines={2}
              style={
                Object {
                  "color": "#000000",
                  "fontSize": 16,
                  "fontWeight": "normal",
                  "marginBottom": 4,
                }
              }
            >
              Verify if a person is over some years ends up.
            </Text>
            <Text
              style={
                Object {
                  "color": "#606060",
                  "fontSize": 12,
                }
              }
            >
              Verifier.ZeroKnowledgeProof
            </Text>
            <Text
              style={
                Object {
                  "color": "#606060",
                  "fontSize": 12,
                }
              }
            >
              Verifier.Parameterizable
            </Text>
          </View>
          <View
            style={
              Object {
                "alignSelf": "center",
              }
            }
          >
            <Text
              allowFontScaling={false}
              style={
                Array [
                  Object {
                    "color": undefined,
                    "fontSize": 12,
                  },
                  Object {
                    "color": "#000000",
                    "fontSize": 36,
                  },
                  Object {
                    "fontFamily": "Material Icons",
                    "fontStyle": "normal",
                    "fontWeight": "normal",
                  },
                  Object {},
                ]
              }
            >
              
            </Text>
          </View>
        </View>
      </View>
    </View>
  </RCTScrollView>
</RNCSafeAreaView>
`;
